Archive member included to satisfy reference by file (symbol)

.pio\build\vsdsquadronMini\libFrameworkNoneOSVariant.a(ch32v00x_gpio.o)
                              .pio\build\vsdsquadronMini\FrameworkNoneOSDebug\debug.o (GPIO_Init)
.pio\build\vsdsquadronMini\libFrameworkNoneOSVariant.a(ch32v00x_rcc.o)
                              .pio\build\vsdsquadronMini\FrameworkNoneOSSSystem\system_ch32v00x.o (RCC_AdjustHSICalibrationValue)
.pio\build\vsdsquadronMini\libFrameworkNoneOSVariant.a(ch32v00x_usart.o)
                              .pio\build\vsdsquadronMini\FrameworkNoneOSDebug\debug.o (USART_Init)
c:/users/m vaishnav/.platformio/packages/toolchain-riscv/bin/../lib/gcc/riscv-none-embed/8.2.0/rv32ecxw/ilp32e\libgcc.a(save-restore.o)
                              .pio\build\vsdsquadronMini\FrameworkNoneOSDebug\debug.o (__riscv_save_2)
c:/users/m vaishnav/.platformio/packages/toolchain-riscv/bin/../lib/gcc/riscv-none-embed/8.2.0/rv32ecxw/ilp32e\libgcc.a(muldi3.o)
                              .pio\build\vsdsquadronMini\FrameworkNoneOSDebug\debug.o (__mulsi3)
c:/users/m vaishnav/.platformio/packages/toolchain-riscv/bin/../lib/gcc/riscv-none-embed/8.2.0/rv32ecxw/ilp32e\libgcc.a(div.o)
                              .pio\build\vsdsquadronMini\libFrameworkNoneOSVariant.a(ch32v00x_usart.o) (__divsi3)
c:/users/m vaishnav/.platformio/packages/toolchain-riscv/bin/../lib/gcc/riscv-none-embed/8.2.0/../../../../riscv-none-embed/lib/rv32ecxw/ilp32e\libc_nano.a(lib_a-init.o)
                              .pio\build\vsdsquadronMini\FrameworkNoneOSStartup\startup_ch32v00x.o (__libc_init_array)

Discarded input sections

 .text          0x0000000000000000        0x0 .pio\build\vsdsquadronMini\FrameworkNoneOSCore\core_riscv.o
 .data          0x0000000000000000        0x0 .pio\build\vsdsquadronMini\FrameworkNoneOSCore\core_riscv.o
 .bss           0x0000000000000000        0x0 .pio\build\vsdsquadronMini\FrameworkNoneOSCore\core_riscv.o
 .text.__get_MSTATUS
                0x0000000000000000        0x6 .pio\build\vsdsquadronMini\FrameworkNoneOSCore\core_riscv.o
 .text.__set_MSTATUS
                0x0000000000000000        0x6 .pio\build\vsdsquadronMini\FrameworkNoneOSCore\core_riscv.o
 .text.__get_MISA
                0x0000000000000000        0x6 .pio\build\vsdsquadronMini\FrameworkNoneOSCore\core_riscv.o
 .text.__set_MISA
                0x0000000000000000        0x6 .pio\build\vsdsquadronMini\FrameworkNoneOSCore\core_riscv.o
 .text.__get_MTVEC
                0x0000000000000000        0x6 .pio\build\vsdsquadronMini\FrameworkNoneOSCore\core_riscv.o
 .text.__set_MTVEC
                0x0000000000000000        0x6 .pio\build\vsdsquadronMini\FrameworkNoneOSCore\core_riscv.o
 .text.__get_MSCRATCH
                0x0000000000000000        0x6 .pio\build\vsdsquadronMini\FrameworkNoneOSCore\core_riscv.o
 .text.__set_MSCRATCH
                0x0000000000000000        0x6 .pio\build\vsdsquadronMini\FrameworkNoneOSCore\core_riscv.o
 .text.__get_MEPC
                0x0000000000000000        0x6 .pio\build\vsdsquadronMini\FrameworkNoneOSCore\core_riscv.o
 .text.__set_MEPC
                0x0000000000000000        0x6 .pio\build\vsdsquadronMini\FrameworkNoneOSCore\core_riscv.o
 .text.__get_MCAUSE
                0x0000000000000000        0x6 .pio\build\vsdsquadronMini\FrameworkNoneOSCore\core_riscv.o
 .text.__set_MCAUSE
                0x0000000000000000        0x6 .pio\build\vsdsquadronMini\FrameworkNoneOSCore\core_riscv.o
 .text.__get_MVENDORID
                0x0000000000000000        0x6 .pio\build\vsdsquadronMini\FrameworkNoneOSCore\core_riscv.o
 .text.__get_MARCHID
                0x0000000000000000        0x6 .pio\build\vsdsquadronMini\FrameworkNoneOSCore\core_riscv.o
 .text.__get_MIMPID
                0x0000000000000000        0x6 .pio\build\vsdsquadronMini\FrameworkNoneOSCore\core_riscv.o
 .text.__get_MHARTID
                0x0000000000000000        0x6 .pio\build\vsdsquadronMini\FrameworkNoneOSCore\core_riscv.o
 .text.__get_SP
                0x0000000000000000        0x4 .pio\build\vsdsquadronMini\FrameworkNoneOSCore\core_riscv.o
 .debug_info    0x0000000000000000      0x324 .pio\build\vsdsquadronMini\FrameworkNoneOSCore\core_riscv.o
 .debug_abbrev  0x0000000000000000       0xe0 .pio\build\vsdsquadronMini\FrameworkNoneOSCore\core_riscv.o
 .debug_aranges
                0x0000000000000000       0xa0 .pio\build\vsdsquadronMini\FrameworkNoneOSCore\core_riscv.o
 .debug_ranges  0x0000000000000000       0x90 .pio\build\vsdsquadronMini\FrameworkNoneOSCore\core_riscv.o
 .debug_line    0x0000000000000000      0x434 .pio\build\vsdsquadronMini\FrameworkNoneOSCore\core_riscv.o
 .debug_str     0x0000000000000000      0x2e1 .pio\build\vsdsquadronMini\FrameworkNoneOSCore\core_riscv.o
 .comment       0x0000000000000000       0x34 .pio\build\vsdsquadronMini\FrameworkNoneOSCore\core_riscv.o
 .debug_frame   0x0000000000000000      0x120 .pio\build\vsdsquadronMini\FrameworkNoneOSCore\core_riscv.o
 .text          0x0000000000000000        0x0 .pio\build\vsdsquadronMini\FrameworkNoneOSStartup\startup_ch32v00x.o
 .data          0x0000000000000000        0x0 .pio\build\vsdsquadronMini\FrameworkNoneOSStartup\startup_ch32v00x.o
 .bss           0x0000000000000000        0x0 .pio\build\vsdsquadronMini\FrameworkNoneOSStartup\startup_ch32v00x.o
 .text          0x0000000000000000        0x0 .pio\build\vsdsquadronMini\FrameworkNoneOSSSystem\system_ch32v00x.o
 .data          0x0000000000000000        0x0 .pio\build\vsdsquadronMini\FrameworkNoneOSSSystem\system_ch32v00x.o
 .bss           0x0000000000000000        0x0 .pio\build\vsdsquadronMini\FrameworkNoneOSSSystem\system_ch32v00x.o
 .text          0x0000000000000000        0x0 .pio\build\vsdsquadronMini\FrameworkNoneOSDebug\debug.o
 .data          0x0000000000000000        0x0 .pio\build\vsdsquadronMini\FrameworkNoneOSDebug\debug.o
 .bss           0x0000000000000000        0x0 .pio\build\vsdsquadronMini\FrameworkNoneOSDebug\debug.o
 .text.Delay_Us
                0x0000000000000000       0x4a .pio\build\vsdsquadronMini\FrameworkNoneOSDebug\debug.o
 .text.Delay_Ms
                0x0000000000000000       0x4a .pio\build\vsdsquadronMini\FrameworkNoneOSDebug\debug.o
 .text.USART_Printf_Init
                0x0000000000000000       0x74 .pio\build\vsdsquadronMini\FrameworkNoneOSDebug\debug.o
 .text.SDI_Printf_Enable
                0x0000000000000000       0x2a .pio\build\vsdsquadronMini\FrameworkNoneOSDebug\debug.o
 .text._write   0x0000000000000000       0x60 .pio\build\vsdsquadronMini\FrameworkNoneOSDebug\debug.o
 .text._sbrk    0x0000000000000000       0x2e .pio\build\vsdsquadronMini\FrameworkNoneOSDebug\debug.o
 .data.curbrk.4084
                0x0000000000000000        0x4 .pio\build\vsdsquadronMini\FrameworkNoneOSDebug\debug.o
 .text          0x0000000000000000        0x0 .pio\build\vsdsquadronMini\FrameworkInitFini\cpp_support.o
 .data          0x0000000000000000        0x0 .pio\build\vsdsquadronMini\FrameworkInitFini\cpp_support.o
 .bss           0x0000000000000000        0x0 .pio\build\vsdsquadronMini\FrameworkInitFini\cpp_support.o
 .text          0x0000000000000000        0x0 .pio\build\vsdsquadronMini\src\main.o
 .data          0x0000000000000000        0x0 .pio\build\vsdsquadronMini\src\main.o
 .bss           0x0000000000000000        0x0 .pio\build\vsdsquadronMini\src\main.o
 .text          0x0000000000000000        0x0 .pio\build\vsdsquadronMini\libFrameworkNoneOSVariant.a(ch32v00x_gpio.o)
 .data          0x0000000000000000        0x0 .pio\build\vsdsquadronMini\libFrameworkNoneOSVariant.a(ch32v00x_gpio.o)
 .bss           0x0000000000000000        0x0 .pio\build\vsdsquadronMini\libFrameworkNoneOSVariant.a(ch32v00x_gpio.o)
 .text.GPIO_DeInit
                0x0000000000000000       0x68 .pio\build\vsdsquadronMini\libFrameworkNoneOSVariant.a(ch32v00x_gpio.o)
 .text.GPIO_AFIODeInit
                0x0000000000000000       0x28 .pio\build\vsdsquadronMini\libFrameworkNoneOSVariant.a(ch32v00x_gpio.o)
 .text.GPIO_StructInit
                0x0000000000000000        0xe .pio\build\vsdsquadronMini\libFrameworkNoneOSVariant.a(ch32v00x_gpio.o)
 .text.GPIO_ReadInputData
                0x0000000000000000        0x8 .pio\build\vsdsquadronMini\libFrameworkNoneOSVariant.a(ch32v00x_gpio.o)
 .text.GPIO_ReadOutputDataBit
                0x0000000000000000        0xa .pio\build\vsdsquadronMini\libFrameworkNoneOSVariant.a(ch32v00x_gpio.o)
 .text.GPIO_ReadOutputData
                0x0000000000000000        0x8 .pio\build\vsdsquadronMini\libFrameworkNoneOSVariant.a(ch32v00x_gpio.o)
 .text.GPIO_SetBits
                0x0000000000000000        0x4 .pio\build\vsdsquadronMini\libFrameworkNoneOSVariant.a(ch32v00x_gpio.o)
 .text.GPIO_ResetBits
                0x0000000000000000        0x4 .pio\build\vsdsquadronMini\libFrameworkNoneOSVariant.a(ch32v00x_gpio.o)
 .text.GPIO_Write
                0x0000000000000000        0x4 .pio\build\vsdsquadronMini\libFrameworkNoneOSVariant.a(ch32v00x_gpio.o)
 .text.GPIO_PinLockConfig
                0x0000000000000000       0x10 .pio\build\vsdsquadronMini\libFrameworkNoneOSVariant.a(ch32v00x_gpio.o)
 .text.GPIO_PinRemapConfig
                0x0000000000000000       0xc4 .pio\build\vsdsquadronMini\libFrameworkNoneOSVariant.a(ch32v00x_gpio.o)
 .text.GPIO_EXTILineConfig
                0x0000000000000000       0x22 .pio\build\vsdsquadronMini\libFrameworkNoneOSVariant.a(ch32v00x_gpio.o)
 .text.GPIO_IPD_Unused
                0x0000000000000000       0xa4 .pio\build\vsdsquadronMini\libFrameworkNoneOSVariant.a(ch32v00x_gpio.o)
 .text          0x0000000000000000        0x0 .pio\build\vsdsquadronMini\libFrameworkNoneOSVariant.a(ch32v00x_rcc.o)
 .data          0x0000000000000000        0x0 .pio\build\vsdsquadronMini\libFrameworkNoneOSVariant.a(ch32v00x_rcc.o)
 .bss           0x0000000000000000        0x0 .pio\build\vsdsquadronMini\libFrameworkNoneOSVariant.a(ch32v00x_rcc.o)
 .text.RCC_HSEConfig
                0x0000000000000000       0x3c .pio\build\vsdsquadronMini\libFrameworkNoneOSVariant.a(ch32v00x_rcc.o)
 .text.RCC_DeInit
                0x0000000000000000       0x58 .pio\build\vsdsquadronMini\libFrameworkNoneOSVariant.a(ch32v00x_rcc.o)
 .text.RCC_HSICmd
                0x0000000000000000       0x14 .pio\build\vsdsquadronMini\libFrameworkNoneOSVariant.a(ch32v00x_rcc.o)
 .text.RCC_PLLConfig
                0x0000000000000000       0x12 .pio\build\vsdsquadronMini\libFrameworkNoneOSVariant.a(ch32v00x_rcc.o)
 .text.RCC_PLLCmd
                0x0000000000000000       0x24 .pio\build\vsdsquadronMini\libFrameworkNoneOSVariant.a(ch32v00x_rcc.o)
 .text.RCC_SYSCLKConfig
                0x0000000000000000       0x4e .pio\build\vsdsquadronMini\libFrameworkNoneOSVariant.a(ch32v00x_rcc.o)
 .text.RCC_GetSYSCLKSource
                0x0000000000000000        0xa .pio\build\vsdsquadronMini\libFrameworkNoneOSVariant.a(ch32v00x_rcc.o)
 .text.RCC_HCLKConfig
                0x0000000000000000       0x10 .pio\build\vsdsquadronMini\libFrameworkNoneOSVariant.a(ch32v00x_rcc.o)
 .text.RCC_ITConfig
                0x0000000000000000       0x16 .pio\build\vsdsquadronMini\libFrameworkNoneOSVariant.a(ch32v00x_rcc.o)
 .text.RCC_ADCCLKConfig
                0x0000000000000000       0x14 .pio\build\vsdsquadronMini\libFrameworkNoneOSVariant.a(ch32v00x_rcc.o)
 .text.RCC_LSICmd
                0x0000000000000000       0x14 .pio\build\vsdsquadronMini\libFrameworkNoneOSVariant.a(ch32v00x_rcc.o)
 .text.RCC_GetClocksFreq
                0x0000000000000000       0xb2 .pio\build\vsdsquadronMini\libFrameworkNoneOSVariant.a(ch32v00x_rcc.o)
 .text.RCC_AHBPeriphClockCmd
                0x0000000000000000       0x1e .pio\build\vsdsquadronMini\libFrameworkNoneOSVariant.a(ch32v00x_rcc.o)
 .text.RCC_APB1PeriphClockCmd
                0x0000000000000000       0x1e .pio\build\vsdsquadronMini\libFrameworkNoneOSVariant.a(ch32v00x_rcc.o)
 .text.RCC_APB2PeriphResetCmd
                0x0000000000000000       0x1e .pio\build\vsdsquadronMini\libFrameworkNoneOSVariant.a(ch32v00x_rcc.o)
 .text.RCC_APB1PeriphResetCmd
                0x0000000000000000       0x1e .pio\build\vsdsquadronMini\libFrameworkNoneOSVariant.a(ch32v00x_rcc.o)
 .text.RCC_ClockSecuritySystemCmd
                0x0000000000000000       0x24 .pio\build\vsdsquadronMini\libFrameworkNoneOSVariant.a(ch32v00x_rcc.o)
 .text.RCC_MCOConfig
                0x0000000000000000        0x8 .pio\build\vsdsquadronMini\libFrameworkNoneOSVariant.a(ch32v00x_rcc.o)
 .text.RCC_GetFlagStatus
                0x0000000000000000       0x20 .pio\build\vsdsquadronMini\libFrameworkNoneOSVariant.a(ch32v00x_rcc.o)
 .text.RCC_WaitForHSEStartUp
                0x0000000000000000       0x42 .pio\build\vsdsquadronMini\libFrameworkNoneOSVariant.a(ch32v00x_rcc.o)
 .text.RCC_ClearFlag
                0x0000000000000000       0x10 .pio\build\vsdsquadronMini\libFrameworkNoneOSVariant.a(ch32v00x_rcc.o)
 .text.RCC_GetITStatus
                0x0000000000000000        0xe .pio\build\vsdsquadronMini\libFrameworkNoneOSVariant.a(ch32v00x_rcc.o)
 .text.RCC_ClearITPendingBit
                0x0000000000000000        0x8 .pio\build\vsdsquadronMini\libFrameworkNoneOSVariant.a(ch32v00x_rcc.o)
 .data.ADCPrescTable
                0x0000000000000000       0x14 .pio\build\vsdsquadronMini\libFrameworkNoneOSVariant.a(ch32v00x_rcc.o)
 .data.APBAHBPrescTable
                0x0000000000000000       0x10 .pio\build\vsdsquadronMini\libFrameworkNoneOSVariant.a(ch32v00x_rcc.o)
 .text          0x0000000000000000        0x0 .pio\build\vsdsquadronMini\libFrameworkNoneOSVariant.a(ch32v00x_usart.o)
 .data          0x0000000000000000        0x0 .pio\build\vsdsquadronMini\libFrameworkNoneOSVariant.a(ch32v00x_usart.o)
 .bss           0x0000000000000000        0x0 .pio\build\vsdsquadronMini\libFrameworkNoneOSVariant.a(ch32v00x_usart.o)
 .text.USART_DeInit
                0x0000000000000000       0x36 .pio\build\vsdsquadronMini\libFrameworkNoneOSVariant.a(ch32v00x_usart.o)
 .text.USART_Init
                0x0000000000000000       0xee .pio\build\vsdsquadronMini\libFrameworkNoneOSVariant.a(ch32v00x_usart.o)
 .text.USART_StructInit
                0x0000000000000000       0x18 .pio\build\vsdsquadronMini\libFrameworkNoneOSVariant.a(ch32v00x_usart.o)
 .text.USART_ClockInit
                0x0000000000000000       0x1e .pio\build\vsdsquadronMini\libFrameworkNoneOSVariant.a(ch32v00x_usart.o)
 .text.USART_ClockStructInit
                0x0000000000000000       0x12 .pio\build\vsdsquadronMini\libFrameworkNoneOSVariant.a(ch32v00x_usart.o)
 .text.USART_Cmd
                0x0000000000000000       0x16 .pio\build\vsdsquadronMini\libFrameworkNoneOSVariant.a(ch32v00x_usart.o)
 .text.USART_ITConfig
                0x0000000000000000       0x36 .pio\build\vsdsquadronMini\libFrameworkNoneOSVariant.a(ch32v00x_usart.o)
 .text.USART_DMACmd
                0x0000000000000000       0x12 .pio\build\vsdsquadronMini\libFrameworkNoneOSVariant.a(ch32v00x_usart.o)
 .text.USART_SetAddress
                0x0000000000000000       0x16 .pio\build\vsdsquadronMini\libFrameworkNoneOSVariant.a(ch32v00x_usart.o)
 .text.USART_WakeUpConfig
                0x0000000000000000       0x14 .pio\build\vsdsquadronMini\libFrameworkNoneOSVariant.a(ch32v00x_usart.o)
 .text.USART_ReceiverWakeUpCmd
                0x0000000000000000       0x18 .pio\build\vsdsquadronMini\libFrameworkNoneOSVariant.a(ch32v00x_usart.o)
 .text.USART_LINBreakDetectLengthConfig
                0x0000000000000000       0x18 .pio\build\vsdsquadronMini\libFrameworkNoneOSVariant.a(ch32v00x_usart.o)
 .text.USART_LINCmd
                0x0000000000000000       0x16 .pio\build\vsdsquadronMini\libFrameworkNoneOSVariant.a(ch32v00x_usart.o)
 .text.USART_SendData
                0x0000000000000000        0x8 .pio\build\vsdsquadronMini\libFrameworkNoneOSVariant.a(ch32v00x_usart.o)
 .text.USART_ReceiveData
                0x0000000000000000        0x8 .pio\build\vsdsquadronMini\libFrameworkNoneOSVariant.a(ch32v00x_usart.o)
 .text.USART_SendBreak
                0x0000000000000000        0xa .pio\build\vsdsquadronMini\libFrameworkNoneOSVariant.a(ch32v00x_usart.o)
 .text.USART_SetGuardTime
                0x0000000000000000       0x12 .pio\build\vsdsquadronMini\libFrameworkNoneOSVariant.a(ch32v00x_usart.o)
 .text.USART_SetPrescaler
                0x0000000000000000       0x18 .pio\build\vsdsquadronMini\libFrameworkNoneOSVariant.a(ch32v00x_usart.o)
 .text.USART_SmartCardCmd
                0x0000000000000000       0x1a .pio\build\vsdsquadronMini\libFrameworkNoneOSVariant.a(ch32v00x_usart.o)
 .text.USART_SmartCardNACKCmd
                0x0000000000000000       0x18 .pio\build\vsdsquadronMini\libFrameworkNoneOSVariant.a(ch32v00x_usart.o)
 .text.USART_HalfDuplexCmd
                0x0000000000000000       0x18 .pio\build\vsdsquadronMini\libFrameworkNoneOSVariant.a(ch32v00x_usart.o)
 .text.USART_OverSampling8Cmd
                0x0000000000000000       0x12 .pio\build\vsdsquadronMini\libFrameworkNoneOSVariant.a(ch32v00x_usart.o)
 .text.USART_OneBitMethodCmd
                0x0000000000000000       0x1e .pio\build\vsdsquadronMini\libFrameworkNoneOSVariant.a(ch32v00x_usart.o)
 .text.USART_IrDAConfig
                0x0000000000000000       0x16 .pio\build\vsdsquadronMini\libFrameworkNoneOSVariant.a(ch32v00x_usart.o)
 .text.USART_IrDACmd
                0x0000000000000000       0x18 .pio\build\vsdsquadronMini\libFrameworkNoneOSVariant.a(ch32v00x_usart.o)
 .text.USART_GetFlagStatus
                0x0000000000000000        0xa .pio\build\vsdsquadronMini\libFrameworkNoneOSVariant.a(ch32v00x_usart.o)
 .text.USART_ClearFlag
                0x0000000000000000        0xc .pio\build\vsdsquadronMini\libFrameworkNoneOSVariant.a(ch32v00x_usart.o)
 .text.USART_GetITStatus
                0x0000000000000000       0x3c .pio\build\vsdsquadronMini\libFrameworkNoneOSVariant.a(ch32v00x_usart.o)
 .text.USART_ClearITPendingBit
                0x0000000000000000       0x14 .pio\build\vsdsquadronMini\libFrameworkNoneOSVariant.a(ch32v00x_usart.o)
 .debug_info    0x0000000000000000      0xaa3 .pio\build\vsdsquadronMini\libFrameworkNoneOSVariant.a(ch32v00x_usart.o)
 .debug_abbrev  0x0000000000000000      0x212 .pio\build\vsdsquadronMini\libFrameworkNoneOSVariant.a(ch32v00x_usart.o)
 .debug_loc     0x0000000000000000      0x735 .pio\build\vsdsquadronMini\libFrameworkNoneOSVariant.a(ch32v00x_usart.o)
 .debug_aranges
                0x0000000000000000      0x100 .pio\build\vsdsquadronMini\libFrameworkNoneOSVariant.a(ch32v00x_usart.o)
 .debug_ranges  0x0000000000000000       0xf0 .pio\build\vsdsquadronMini\libFrameworkNoneOSVariant.a(ch32v00x_usart.o)
 .debug_line    0x0000000000000000      0xf05 .pio\build\vsdsquadronMini\libFrameworkNoneOSVariant.a(ch32v00x_usart.o)
 .debug_str     0x0000000000000000      0x773 .pio\build\vsdsquadronMini\libFrameworkNoneOSVariant.a(ch32v00x_usart.o)
 .comment       0x0000000000000000       0x34 .pio\build\vsdsquadronMini\libFrameworkNoneOSVariant.a(ch32v00x_usart.o)
 .debug_frame   0x0000000000000000      0x204 .pio\build\vsdsquadronMini\libFrameworkNoneOSVariant.a(ch32v00x_usart.o)
 .data          0x0000000000000000        0x0 c:/users/m vaishnav/.platformio/packages/toolchain-riscv/bin/../lib/gcc/riscv-none-embed/8.2.0/rv32ecxw/ilp32e\libgcc.a(save-restore.o)
 .bss           0x0000000000000000        0x0 c:/users/m vaishnav/.platformio/packages/toolchain-riscv/bin/../lib/gcc/riscv-none-embed/8.2.0/rv32ecxw/ilp32e\libgcc.a(save-restore.o)
 .eh_frame      0x0000000000000000       0x68 c:/users/m vaishnav/.platformio/packages/toolchain-riscv/bin/../lib/gcc/riscv-none-embed/8.2.0/rv32ecxw/ilp32e\libgcc.a(save-restore.o)
 .text          0x0000000000000000       0x18 c:/users/m vaishnav/.platformio/packages/toolchain-riscv/bin/../lib/gcc/riscv-none-embed/8.2.0/rv32ecxw/ilp32e\libgcc.a(muldi3.o)
 .data          0x0000000000000000        0x0 c:/users/m vaishnav/.platformio/packages/toolchain-riscv/bin/../lib/gcc/riscv-none-embed/8.2.0/rv32ecxw/ilp32e\libgcc.a(muldi3.o)
 .bss           0x0000000000000000        0x0 c:/users/m vaishnav/.platformio/packages/toolchain-riscv/bin/../lib/gcc/riscv-none-embed/8.2.0/rv32ecxw/ilp32e\libgcc.a(muldi3.o)
 .data          0x0000000000000000        0x0 c:/users/m vaishnav/.platformio/packages/toolchain-riscv/bin/../lib/gcc/riscv-none-embed/8.2.0/rv32ecxw/ilp32e\libgcc.a(div.o)
 .bss           0x0000000000000000        0x0 c:/users/m vaishnav/.platformio/packages/toolchain-riscv/bin/../lib/gcc/riscv-none-embed/8.2.0/rv32ecxw/ilp32e\libgcc.a(div.o)
 .text          0x0000000000000000        0x0 c:/users/m vaishnav/.platformio/packages/toolchain-riscv/bin/../lib/gcc/riscv-none-embed/8.2.0/../../../../riscv-none-embed/lib/rv32ecxw/ilp32e\libc_nano.a(lib_a-init.o)
 .data          0x0000000000000000        0x0 c:/users/m vaishnav/.platformio/packages/toolchain-riscv/bin/../lib/gcc/riscv-none-embed/8.2.0/../../../../riscv-none-embed/lib/rv32ecxw/ilp32e\libc_nano.a(lib_a-init.o)
 .bss           0x0000000000000000        0x0 c:/users/m vaishnav/.platformio/packages/toolchain-riscv/bin/../lib/gcc/riscv-none-embed/8.2.0/../../../../riscv-none-embed/lib/rv32ecxw/ilp32e\libc_nano.a(lib_a-init.o)

Memory Configuration

Name             Origin             Length             Attributes
FLASH            0x0000000000000000 0x0000000000004000 xr
RAM              0x0000000020000000 0x0000000000000800 xrw
*default*        0x0000000000000000 0xffffffffffffffff

Linker script and memory map

LOAD .pio\build\vsdsquadronMini\FrameworkNoneOSCore\core_riscv.o
LOAD .pio\build\vsdsquadronMini\FrameworkNoneOSStartup\startup_ch32v00x.o
LOAD .pio\build\vsdsquadronMini\FrameworkNoneOSSSystem\system_ch32v00x.o
LOAD .pio\build\vsdsquadronMini\FrameworkNoneOSDebug\debug.o
LOAD .pio\build\vsdsquadronMini\FrameworkInitFini\cpp_support.o
LOAD .pio\build\vsdsquadronMini\src\main.o
START GROUP
LOAD c:/users/m vaishnav/.platformio/packages/toolchain-riscv/bin/../lib/gcc/riscv-none-embed/8.2.0/../../../../riscv-none-embed/lib/rv32ecxw/ilp32e\libm.a
LOAD .pio\build\vsdsquadronMini\libFrameworkNoneOSVariant.a
END GROUP
LOAD c:/users/m vaishnav/.platformio/packages/toolchain-riscv/bin/../lib/gcc/riscv-none-embed/8.2.0/rv32ecxw/ilp32e\libgcc.a
LOAD c:/users/m vaishnav/.platformio/packages/toolchain-riscv/bin/../lib/gcc/riscv-none-embed/8.2.0/../../../../riscv-none-embed/lib/rv32ecxw/ilp32e\libc_nano.a
LOAD c:/users/m vaishnav/.platformio/packages/toolchain-riscv/bin/../lib/gcc/riscv-none-embed/8.2.0/rv32ecxw/ilp32e\libgcc.a
START GROUP
LOAD c:/users/m vaishnav/.platformio/packages/toolchain-riscv/bin/../lib/gcc/riscv-none-embed/8.2.0/rv32ecxw/ilp32e\libgcc.a
LOAD c:/users/m vaishnav/.platformio/packages/toolchain-riscv/bin/../lib/gcc/riscv-none-embed/8.2.0/../../../../riscv-none-embed/lib/rv32ecxw/ilp32e\libc_nano.a
LOAD c:/users/m vaishnav/.platformio/packages/toolchain-riscv/bin/../lib/gcc/riscv-none-embed/8.2.0/../../../../riscv-none-embed/lib/rv32ecxw/ilp32e\libnosys.a
END GROUP
START GROUP
LOAD c:/users/m vaishnav/.platformio/packages/toolchain-riscv/bin/../lib/gcc/riscv-none-embed/8.2.0/rv32ecxw/ilp32e\libgcc.a
LOAD c:/users/m vaishnav/.platformio/packages/toolchain-riscv/bin/../lib/gcc/riscv-none-embed/8.2.0/../../../../riscv-none-embed/lib/rv32ecxw/ilp32e\libc_nano.a
LOAD c:/users/m vaishnav/.platformio/packages/toolchain-riscv/bin/../lib/gcc/riscv-none-embed/8.2.0/../../../../riscv-none-embed/lib/rv32ecxw/ilp32e\libnosys.a
END GROUP
                0x0000000000000100                __stack_size = 0x100
                [!provide]                        PROVIDE (_stack_size = __stack_size)

.init           0x0000000000000000       0xa0
                0x0000000000000000                _sinit = .
                0x0000000000000000                . = ALIGN (0x4)
 *(SORT_NONE(.init))
 .init          0x0000000000000000       0x9e .pio\build\vsdsquadronMini\FrameworkNoneOSStartup\startup_ch32v00x.o
                0x0000000000000000                _start
                0x00000000000000a0                . = ALIGN (0x4)
 *fill*         0x000000000000009e        0x2 
                0x00000000000000a0                _einit = .

.vector         0x00000000000000a0       0x20
 *(.vector)
                0x00000000000000c0                . = ALIGN (0x40)
 *fill*         0x00000000000000a0       0x20 

.text           0x00000000000000c0      0x4dc
                0x00000000000000c0                . = ALIGN (0x4)
 *(.text)
 .text          0x00000000000000c0       0x14 c:/users/m vaishnav/.platformio/packages/toolchain-riscv/bin/../lib/gcc/riscv-none-embed/8.2.0/rv32ecxw/ilp32e\libgcc.a(save-restore.o)
                0x00000000000000c0                __riscv_save_1
                0x00000000000000c0                __riscv_save_2
                0x00000000000000c0                __riscv_save_0
                0x00000000000000ca                __riscv_restore_0
                0x00000000000000ca                __riscv_restore_1
                0x00000000000000ca                __riscv_restore_2
 .text          0x00000000000000d4       0x7e c:/users/m vaishnav/.platformio/packages/toolchain-riscv/bin/../lib/gcc/riscv-none-embed/8.2.0/rv32ecxw/ilp32e\libgcc.a(div.o)
                0x00000000000000d4                __divsi3
                0x00000000000000dc                __udivsi3
                0x0000000000000108                __umodsi3
                0x000000000000012c                __modsi3
 *(.text.*)
 .text.vector_handler
                0x0000000000000152        0x2 .pio\build\vsdsquadronMini\FrameworkNoneOSStartup\startup_ch32v00x.o
                0x0000000000000152                TIM1_CC_IRQHandler
                0x0000000000000152                HardFault_Handler
                0x0000000000000152                SysTick_Handler
                0x0000000000000152                PVD_IRQHandler
                0x0000000000000152                NMI_Handler
                0x0000000000000152                SPI1_IRQHandler
                0x0000000000000152                AWU_IRQHandler
                0x0000000000000152                EXTI7_0_IRQHandler
                0x0000000000000152                DMA1_Channel4_IRQHandler
                0x0000000000000152                ADC1_IRQHandler
                0x0000000000000152                DMA1_Channel7_IRQHandler
                0x0000000000000152                I2C1_EV_IRQHandler
                0x0000000000000152                DMA1_Channel6_IRQHandler
                0x0000000000000152                RCC_IRQHandler
                0x0000000000000152                TIM1_TRG_COM_IRQHandler
                0x0000000000000152                DMA1_Channel1_IRQHandler
                0x0000000000000152                DMA1_Channel5_IRQHandler
                0x0000000000000152                DMA1_Channel3_IRQHandler
                0x0000000000000152                TIM1_UP_IRQHandler
                0x0000000000000152                WWDG_IRQHandler
                0x0000000000000152                TIM2_IRQHandler
                0x0000000000000152                SW_Handler
                0x0000000000000152                TIM1_BRK_IRQHandler
                0x0000000000000152                DMA1_Channel2_IRQHandler
                0x0000000000000152                FLASH_IRQHandler
                0x0000000000000152                USART1_IRQHandler
                0x0000000000000152                I2C1_ER_IRQHandler
 .text.handle_reset
                0x0000000000000154       0x8a .pio\build\vsdsquadronMini\FrameworkNoneOSStartup\startup_ch32v00x.o
                0x0000000000000154                handle_reset
 .text.SystemInit
                0x00000000000001de      0x132 .pio\build\vsdsquadronMini\FrameworkNoneOSSSystem\system_ch32v00x.o
                0x00000000000001de                SystemInit
 .text.SystemCoreClockUpdate
                0x0000000000000310       0x68 .pio\build\vsdsquadronMini\FrameworkNoneOSSSystem\system_ch32v00x.o
                0x0000000000000310                SystemCoreClockUpdate
 .text.Delay_Init
                0x0000000000000378       0x38 .pio\build\vsdsquadronMini\FrameworkNoneOSDebug\debug.o
                0x0000000000000378                Delay_Init
 .text._fini    0x00000000000003b0        0x2 .pio\build\vsdsquadronMini\FrameworkInitFini\cpp_support.o
                0x00000000000003b0                _fini
 .text._init    0x00000000000003b2        0x2 .pio\build\vsdsquadronMini\FrameworkInitFini\cpp_support.o
                0x00000000000003b2                _init
 .text.GPIO_Config
                0x00000000000003b4       0x3e .pio\build\vsdsquadronMini\src\main.o
                0x00000000000003b4                GPIO_Config
 .text.compute_parity
                0x00000000000003f2       0x1c .pio\build\vsdsquadronMini\src\main.o
                0x00000000000003f2                compute_parity
 .text.startup.main
                0x000000000000040e       0x70 .pio\build\vsdsquadronMini\src\main.o
                0x000000000000040e                main
 .text.GPIO_Init
                0x000000000000047e       0x7c .pio\build\vsdsquadronMini\libFrameworkNoneOSVariant.a(ch32v00x_gpio.o)
                0x000000000000047e                GPIO_Init
 .text.GPIO_ReadInputDataBit
                0x00000000000004fa        0xa .pio\build\vsdsquadronMini\libFrameworkNoneOSVariant.a(ch32v00x_gpio.o)
                0x00000000000004fa                GPIO_ReadInputDataBit
 .text.GPIO_WriteBit
                0x0000000000000504        0xa .pio\build\vsdsquadronMini\libFrameworkNoneOSVariant.a(ch32v00x_gpio.o)
                0x0000000000000504                GPIO_WriteBit
 .text.RCC_AdjustHSICalibrationValue
                0x000000000000050e       0x12 .pio\build\vsdsquadronMini\libFrameworkNoneOSVariant.a(ch32v00x_rcc.o)
                0x000000000000050e                RCC_AdjustHSICalibrationValue
 .text.RCC_APB2PeriphClockCmd
                0x0000000000000520       0x1e .pio\build\vsdsquadronMini\libFrameworkNoneOSVariant.a(ch32v00x_rcc.o)
                0x0000000000000520                RCC_APB2PeriphClockCmd
 .text.__libc_init_array
                0x000000000000053e       0x5c c:/users/m vaishnav/.platformio/packages/toolchain-riscv/bin/../lib/gcc/riscv-none-embed/8.2.0/../../../../riscv-none-embed/lib/rv32ecxw/ilp32e\libc_nano.a(lib_a-init.o)
                0x000000000000053e                __libc_init_array
 *(.rodata)
 *(.rodata*)
 *(.gnu.linkonce.t.*)
                0x000000000000059c                . = ALIGN (0x4)
 *fill*         0x000000000000059a        0x2 
                0x000000000000059c                __fsymtab_start = .
 *(FSymTab)
                0x000000000000059c                __fsymtab_end = .
                0x000000000000059c                . = ALIGN (0x4)
                0x000000000000059c                __vsymtab_start = .
 *(VSymTab)
                0x000000000000059c                __vsymtab_end = .
                0x000000000000059c                . = ALIGN (0x4)
                0x000000000000059c                . = ALIGN (0x4)
                0x000000000000059c                __rt_init_start = .
 *(SORT_BY_NAME(.rti_fn*))
                0x000000000000059c                __rt_init_end = .
                0x000000000000059c                . = ALIGN (0x4)
                0x000000000000059c                . = ALIGN (0x4)
                0x000000000000059c                __rtmsymtab_start = .
 *(RTMSymTab)
                0x000000000000059c                __rtmsymtab_end = .
                0x000000000000059c                . = ALIGN (0x4)

.rela.dyn       0x000000000000059c        0x0
 .rela.init     0x000000000000059c        0x0 .pio\build\vsdsquadronMini\FrameworkNoneOSStartup\startup_ch32v00x.o
 .rela.text.handle_reset
                0x000000000000059c        0x0 .pio\build\vsdsquadronMini\FrameworkNoneOSStartup\startup_ch32v00x.o
 .rela.text.__libc_init_array
                0x000000000000059c        0x0 .pio\build\vsdsquadronMini\FrameworkNoneOSStartup\startup_ch32v00x.o

.fini           0x000000000000059c        0x0
 *(SORT_NONE(.fini))
                0x000000000000059c                . = ALIGN (0x4)
                [!provide]                        PROVIDE (_etext = .)
                [!provide]                        PROVIDE (_eitcm = .)

.preinit_array  0x000000000000059c        0x0
                0x000000000000059c                PROVIDE (__preinit_array_start = .)
 *(.preinit_array)
                0x000000000000059c                PROVIDE (__preinit_array_end = .)

.init_array     0x000000000000059c        0x0
                0x000000000000059c                PROVIDE (__init_array_start = .)
 *(SORT_BY_INIT_PRIORITY(.init_array.*) SORT_BY_INIT_PRIORITY(.ctors.*))
 *(.init_array EXCLUDE_FILE(*crtend?.o *crtend.o *crtbegin?.o *crtbegin.o) .ctors)
                0x000000000000059c                PROVIDE (__init_array_end = .)

.fini_array     0x000000000000059c        0x0
                [!provide]                        PROVIDE (__fini_array_start = .)
 *(SORT_BY_INIT_PRIORITY(.fini_array.*) SORT_BY_INIT_PRIORITY(.dtors.*))
 *(.fini_array EXCLUDE_FILE(*crtend?.o *crtend.o *crtbegin?.o *crtbegin.o) .dtors)
                [!provide]                        PROVIDE (__fini_array_end = .)

.ctors
 *crtbegin.o(.ctors)
 *crtbegin?.o(.ctors)
 *(EXCLUDE_FILE(*crtend?.o *crtend.o) .ctors)
 *(SORT_BY_NAME(.ctors.*))
 *(.ctors)

.dtors
 *crtbegin.o(.dtors)
 *crtbegin?.o(.dtors)
 *(EXCLUDE_FILE(*crtend?.o *crtend.o) .dtors)
 *(SORT_BY_NAME(.dtors.*))
 *(.dtors)

.dalign         0x0000000020000000        0x0 load address 0x000000000000059c
                0x0000000020000000                . = ALIGN (0x4)
                0x0000000020000000                PROVIDE (_data_vma = .)

.dlalign        0x000000000000059c        0x0
                0x000000000000059c                . = ALIGN (0x4)
                0x000000000000059c                PROVIDE (_data_lma = .)

.data           0x0000000020000000       0x18 load address 0x000000000000059c
 *(.gnu.linkonce.r.*)
 *(.data .data.*)
 .data.AHBPrescTable
                0x0000000020000000       0x10 .pio\build\vsdsquadronMini\FrameworkNoneOSSSystem\system_ch32v00x.o
                0x0000000020000000                AHBPrescTable
 .data.SystemCoreClock
                0x0000000020000010        0x4 .pio\build\vsdsquadronMini\FrameworkNoneOSSSystem\system_ch32v00x.o
                0x0000000020000010                SystemCoreClock
 *(.gnu.linkonce.d.*)
                0x0000000020000018                . = ALIGN (0x8)
 *fill*         0x0000000020000014        0x4 
                0x0000000020000818                PROVIDE (__global_pointer$ = (. + 0x800))
 *(.sdata .sdata.*)
 *(.sdata2.*)
 *(.gnu.linkonce.s.*)
                0x0000000020000018                . = ALIGN (0x8)
 *(.srodata.cst16)
 *(.srodata.cst8)
 *(.srodata.cst4)
 *(.srodata.cst2)
 *(.srodata .srodata.*)
                0x0000000020000018                . = ALIGN (0x4)
                0x0000000020000018                PROVIDE (_edata = .)

.bss            0x0000000020000018        0x4 load address 0x00000000000005b4
                0x0000000020000018                . = ALIGN (0x4)
                0x0000000020000018                PROVIDE (_sbss = .)
 *(.sbss*)
 *(.gnu.linkonce.sb.*)
 *(.bss*)
 .bss.p_ms      0x0000000020000018        0x2 .pio\build\vsdsquadronMini\FrameworkNoneOSDebug\debug.o
 .bss.p_us      0x000000002000001a        0x1 .pio\build\vsdsquadronMini\FrameworkNoneOSDebug\debug.o
 *(.gnu.linkonce.b.*)
 *(COMMON*)
                0x000000002000001c                . = ALIGN (0x4)
 *fill*         0x000000002000001b        0x1 
                0x000000002000001c                PROVIDE (_ebss = .)
                0x000000002000001c                PROVIDE (_end = _ebss)
                [!provide]                        PROVIDE (end = .)

.stack          0x0000000020000700      0x100
                0x0000000020000700                PROVIDE (_heap_end = .)
                0x0000000020000700                . = ALIGN (0x4)
                [!provide]                        PROVIDE (_susrstack = .)
                0x0000000020000800                . = (. + __stack_size)
 *fill*         0x0000000020000700      0x100 
                0x0000000020000800                PROVIDE (_eusrstack = .)
                0x0000000020000800                __freertos_irq_stack_top = .
OUTPUT(.pio\build\vsdsquadronMini\firmware.elf elf32-littleriscv)

.debug_line     0x0000000000000000     0x3004
 .debug_line    0x0000000000000000      0x157 .pio\build\vsdsquadronMini\FrameworkNoneOSStartup\startup_ch32v00x.o
 .debug_line    0x0000000000000157      0x67d .pio\build\vsdsquadronMini\FrameworkNoneOSSSystem\system_ch32v00x.o
 .debug_line    0x00000000000007d4      0x7fb .pio\build\vsdsquadronMini\FrameworkNoneOSDebug\debug.o
 .debug_line    0x0000000000000fcf       0x9d .pio\build\vsdsquadronMini\FrameworkInitFini\cpp_support.o
 .debug_line    0x000000000000106c      0x5a9 .pio\build\vsdsquadronMini\src\main.o
 .debug_line    0x0000000000001615      0xbf4 .pio\build\vsdsquadronMini\libFrameworkNoneOSVariant.a(ch32v00x_gpio.o)
 .debug_line    0x0000000000002209      0xdfb .pio\build\vsdsquadronMini\libFrameworkNoneOSVariant.a(ch32v00x_rcc.o)

.debug_info     0x0000000000000000     0x3021
 .debug_info    0x0000000000000000       0x22 .pio\build\vsdsquadronMini\FrameworkNoneOSStartup\startup_ch32v00x.o
 .debug_info    0x0000000000000022      0x3e6 .pio\build\vsdsquadronMini\FrameworkNoneOSSSystem\system_ch32v00x.o
 .debug_info    0x0000000000000408      0xf37 .pio\build\vsdsquadronMini\FrameworkNoneOSDebug\debug.o
 .debug_info    0x000000000000133f       0x46 .pio\build\vsdsquadronMini\FrameworkInitFini\cpp_support.o
 .debug_info    0x0000000000001385      0xd38 .pio\build\vsdsquadronMini\src\main.o
 .debug_info    0x00000000000020bd      0x786 .pio\build\vsdsquadronMini\libFrameworkNoneOSVariant.a(ch32v00x_gpio.o)
 .debug_info    0x0000000000002843      0x7de .pio\build\vsdsquadronMini\libFrameworkNoneOSVariant.a(ch32v00x_rcc.o)

.debug_abbrev   0x0000000000000000      0xc1a
 .debug_abbrev  0x0000000000000000       0x12 .pio\build\vsdsquadronMini\FrameworkNoneOSStartup\startup_ch32v00x.o
 .debug_abbrev  0x0000000000000012      0x1cf .pio\build\vsdsquadronMini\FrameworkNoneOSSSystem\system_ch32v00x.o
 .debug_abbrev  0x00000000000001e1      0x30f .pio\build\vsdsquadronMini\FrameworkNoneOSDebug\debug.o
 .debug_abbrev  0x00000000000004f0       0x44 .pio\build\vsdsquadronMini\FrameworkInitFini\cpp_support.o
 .debug_abbrev  0x0000000000000534      0x2aa .pio\build\vsdsquadronMini\src\main.o
 .debug_abbrev  0x00000000000007de      0x1da .pio\build\vsdsquadronMini\libFrameworkNoneOSVariant.a(ch32v00x_gpio.o)
 .debug_abbrev  0x00000000000009b8      0x262 .pio\build\vsdsquadronMini\libFrameworkNoneOSVariant.a(ch32v00x_rcc.o)

.debug_aranges  0x0000000000000000      0x270
 .debug_aranges
                0x0000000000000000       0x30 .pio\build\vsdsquadronMini\FrameworkNoneOSStartup\startup_ch32v00x.o
 .debug_aranges
                0x0000000000000030       0x28 .pio\build\vsdsquadronMini\FrameworkNoneOSSSystem\system_ch32v00x.o
 .debug_aranges
                0x0000000000000058       0x50 .pio\build\vsdsquadronMini\FrameworkNoneOSDebug\debug.o
 .debug_aranges
                0x00000000000000a8       0x20 .pio\build\vsdsquadronMini\FrameworkInitFini\cpp_support.o
 .debug_aranges
                0x00000000000000c8       0x30 .pio\build\vsdsquadronMini\src\main.o
 .debug_aranges
                0x00000000000000f8       0x98 .pio\build\vsdsquadronMini\libFrameworkNoneOSVariant.a(ch32v00x_gpio.o)
 .debug_aranges
                0x0000000000000190       0xe0 .pio\build\vsdsquadronMini\libFrameworkNoneOSVariant.a(ch32v00x_rcc.o)

.debug_str      0x0000000000000000     0x10bb
 .debug_str     0x0000000000000000       0xb8 .pio\build\vsdsquadronMini\FrameworkNoneOSStartup\startup_ch32v00x.o
 .debug_str     0x00000000000000b8      0x2f9 .pio\build\vsdsquadronMini\FrameworkNoneOSSSystem\system_ch32v00x.o
                                        0x3bd (size before relaxing)
 .debug_str     0x00000000000003b1      0x71a .pio\build\vsdsquadronMini\FrameworkNoneOSDebug\debug.o
                                        0x95e (size before relaxing)
 .debug_str     0x0000000000000acb       0x68 .pio\build\vsdsquadronMini\FrameworkInitFini\cpp_support.o
                                        0x16d (size before relaxing)
 .debug_str     0x0000000000000b33       0x61 .pio\build\vsdsquadronMini\src\main.o
                                        0x7b5 (size before relaxing)
 .debug_str     0x0000000000000b94      0x218 .pio\build\vsdsquadronMini\libFrameworkNoneOSVariant.a(ch32v00x_gpio.o)
                                        0x5b6 (size before relaxing)
 .debug_str     0x0000000000000dac      0x30f .pio\build\vsdsquadronMini\libFrameworkNoneOSVariant.a(ch32v00x_rcc.o)
                                        0x624 (size before relaxing)

.debug_ranges   0x0000000000000000      0x258
 .debug_ranges  0x0000000000000000       0x28 .pio\build\vsdsquadronMini\FrameworkNoneOSStartup\startup_ch32v00x.o
 .debug_ranges  0x0000000000000028       0x50 .pio\build\vsdsquadronMini\FrameworkNoneOSSSystem\system_ch32v00x.o
 .debug_ranges  0x0000000000000078       0x40 .pio\build\vsdsquadronMini\FrameworkNoneOSDebug\debug.o
 .debug_ranges  0x00000000000000b8       0x10 .pio\build\vsdsquadronMini\FrameworkInitFini\cpp_support.o
 .debug_ranges  0x00000000000000c8       0x38 .pio\build\vsdsquadronMini\src\main.o
 .debug_ranges  0x0000000000000100       0x88 .pio\build\vsdsquadronMini\libFrameworkNoneOSVariant.a(ch32v00x_gpio.o)
 .debug_ranges  0x0000000000000188       0xd0 .pio\build\vsdsquadronMini\libFrameworkNoneOSVariant.a(ch32v00x_rcc.o)

.debug_loc      0x0000000000000000      0xe6d
 .debug_loc     0x0000000000000000       0x55 .pio\build\vsdsquadronMini\FrameworkNoneOSSSystem\system_ch32v00x.o
 .debug_loc     0x0000000000000055      0x19c .pio\build\vsdsquadronMini\FrameworkNoneOSDebug\debug.o
 .debug_loc     0x00000000000001f1       0xb7 .pio\build\vsdsquadronMini\src\main.o
 .debug_loc     0x00000000000002a8      0x5e2 .pio\build\vsdsquadronMini\libFrameworkNoneOSVariant.a(ch32v00x_gpio.o)
 .debug_loc     0x000000000000088a      0x5e3 .pio\build\vsdsquadronMini\libFrameworkNoneOSVariant.a(ch32v00x_rcc.o)

.comment        0x0000000000000000       0x33
 .comment       0x0000000000000000       0x33 .pio\build\vsdsquadronMini\FrameworkNoneOSSSystem\system_ch32v00x.o
                                         0x34 (size before relaxing)
 .comment       0x0000000000000033       0x34 .pio\build\vsdsquadronMini\FrameworkNoneOSDebug\debug.o
 .comment       0x0000000000000033       0x34 .pio\build\vsdsquadronMini\FrameworkInitFini\cpp_support.o
 .comment       0x0000000000000033       0x34 .pio\build\vsdsquadronMini\src\main.o
 .comment       0x0000000000000033       0x34 .pio\build\vsdsquadronMini\libFrameworkNoneOSVariant.a(ch32v00x_gpio.o)
 .comment       0x0000000000000033       0x34 .pio\build\vsdsquadronMini\libFrameworkNoneOSVariant.a(ch32v00x_rcc.o)

.debug_frame    0x0000000000000000      0x530
 .debug_frame   0x0000000000000000       0x58 .pio\build\vsdsquadronMini\FrameworkNoneOSSSystem\system_ch32v00x.o
 .debug_frame   0x0000000000000058       0xe4 .pio\build\vsdsquadronMini\FrameworkNoneOSDebug\debug.o
 .debug_frame   0x000000000000013c       0x30 .pio\build\vsdsquadronMini\FrameworkInitFini\cpp_support.o
 .debug_frame   0x000000000000016c       0x5c .pio\build\vsdsquadronMini\src\main.o
 .debug_frame   0x00000000000001c8      0x154 .pio\build\vsdsquadronMini\libFrameworkNoneOSVariant.a(ch32v00x_gpio.o)
 .debug_frame   0x000000000000031c      0x1dc .pio\build\vsdsquadronMini\libFrameworkNoneOSVariant.a(ch32v00x_rcc.o)
 .debug_frame   0x00000000000004f8       0x38 c:/users/m vaishnav/.platformio/packages/toolchain-riscv/bin/../lib/gcc/riscv-none-embed/8.2.0/../../../../riscv-none-embed/lib/rv32ecxw/ilp32e\libc_nano.a(lib_a-init.o)
